// Jest Snapshot v1, https://goo.gl/fbAQLP

exports[`<Suggestions> render basic list of suggestions 1`] = `
<div>
  <div
    className="suggestions__wrapper"
  >
    <Item
      hasHighlight={true}
      key="0"
      label="Apple"
      onMouseDown={[Function]}
      onMouseOver={[Function]}
      query=""
    />
    <Item
      hasHighlight={false}
      key="1"
      label="Pear"
      onMouseDown={[Function]}
      onMouseOver={[Function]}
      query=""
    />
    <Item
      hasHighlight={false}
      key="2"
      label="Orange"
      onMouseDown={[Function]}
      onMouseOver={[Function]}
      query=""
    />
  </div>
</div>
`;
