// Jest Snapshot v1, https://goo.gl/fbAQLP

exports[`Plans should render placeholder when shouldShowPlaceholder is true 1`] = `
<Fragment>
  <Connect(QueryPlans) />
  <QueryProductsList />
  <PlansPlaceholder />
</Fragment>
`;

exports[`Plans should render plans 1`] = `
<Fragment>
  <Connect(DocumentHead)
    title="Plans"
  />
  <Connect(QueryPlans) />
  <QuerySitePlans
    siteId={1234567}
  />
  <Connect(Localized(JetpackPlansGrid))
    basePlansPath="/jetpack/connect/plans"
    hideFreePlan={true}
    isLanding={false}
    onSelect={[Function]}
    selectedSite={
      Object {
        "ID": 1234567,
        "URL": "http://an.example.site",
        "canAutoupdateFiles": true,
        "canUpdateFiles": true,
        "capabilities": Object {
          "activate_wordads": true,
          "delete_others_posts": true,
          "delete_posts": true,
          "delete_users": false,
          "edit_others_pages": true,
          "edit_others_posts": true,
          "edit_pages": true,
          "edit_posts": true,
          "edit_theme_options": true,
          "edit_users": true,
          "list_users": true,
          "manage_categories": true,
          "manage_options": true,
          "moderate_comments": true,
          "promote_users": true,
          "publish_posts": true,
          "remove_users": true,
          "upload_files": true,
          "view_stats": true,
        },
        "domain": "an.example.site",
        "hasConflict": false,
        "isMainNetworkSite": true,
        "isSecondaryNetworkSite": false,
        "isSiteUpgradeable": true,
        "is_customizable": true,
        "is_multisite": false,
        "is_previewable": false,
        "is_private": false,
        "is_vip": false,
        "jetpack": true,
        "name": "Test Site",
        "options": Object {
          "active_modules": Array [
            "contact-form",
            "custom-content-types",
            "custom-css",
            "enhanced-distribution",
            "gravatar-hovercards",
            "json-api",
            "latex",
            "manage",
            "notes",
            "post-by-email",
            "protect",
            "publicize",
            "sharedaddy",
            "shortcodes",
            "shortlinks",
            "sitemaps",
            "stats",
            "subscriptions",
            "verification-tools",
            "widget-visibility",
            "widgets",
          ],
          "admin_url": "http://an.example.site/wp-admin/",
          "advanced_seo_front_page_description": "",
          "advanced_seo_title_formats": Array [],
          "allowed_file_types": Array [
            "jpg",
            "jpeg",
            "png",
            "gif",
            "pdf",
            "doc",
            "ppt",
            "odt",
            "pptx",
            "docx",
            "pps",
            "ppsx",
            "xls",
            "xlsx",
            "key",
          ],
          "created_at": "2017-10-19T11:20:01+00:00",
          "default_likes_enabled": true,
          "default_post_format": "standard",
          "default_sharing_status": false,
          "file_mod_disabled": false,
          "frame_nonce": "foobarbaz",
          "gmt_offset": 0,
          "is_automated_transfer": false,
          "is_domain_only": false,
          "is_mapped_domain": true,
          "is_multi_network": false,
          "is_multi_site": false,
          "is_redirect": false,
          "is_wpforteams_site": false,
          "jetpack_version": "5.4",
          "main_network_site": "http://an.example.site",
          "max_upload_size": false,
          "permalink_structure": "/%year%/%monthnum%/%day%/%postname%/",
          "podcasting_archive": null,
          "publicize_permanently_disabled": false,
          "show_on_front": "posts",
          "software_version": "4.8.2",
          "unmapped_url": "http://an.example.site",
          "upgraded_filetypes_enabled": true,
          "verification_services_codes": null,
          "videopress_enabled": false,
          "wordads": false,
        },
        "plan": Object {
          "expired": false,
          "free_trial": false,
          "is_free": true,
          "product_id": 2002,
          "product_name_short": "Free",
          "product_slug": "jetpack_free",
          "user_is_owner": false,
        },
        "single_user_site": false,
        "slug": "an.example.site",
        "title": "Test Site",
        "visible": true,
      }
    }
  >
    <LoggedOutFormLinks>
      <Connect(Localized(JetpackConnectHappychatButton))
        eventName="calypso_jpc_plans_chat_initiated"
        label="Need help?"
      >
        <JetpackConnectHelpButton
          label="Need help?"
        />
      </Connect(Localized(JetpackConnectHappychatButton))>
    </LoggedOutFormLinks>
  </Connect(Localized(JetpackPlansGrid))>
</Fragment>
`;
