// Jest Snapshot v1, https://goo.gl/fbAQLP

exports[`<SiteVerticalsSuggestionSearch /> should render 1`] = `
<Fragment>
  <QueryVerticals
    debounceTime={300}
    searchTerm=""
    siteType="blog"
  />
  <QueryVerticals
    searchTerm="eeek"
    siteType="blog"
  />
  <SuggestionSearch
    autoFocus={false}
    id="siteTopic"
    isSearching=""
    onChange={[Function]}
    onSelect={[Function]}
    placeholder="Enter a topic."
    railcar={
      Object {
        "action": "site_vertical_selected",
        "fetch_algo": "/verticals",
        "id": "fakeuuid-site-vertical-suggestion",
      }
    }
    suggestions={Array []}
    value=""
  />
</Fragment>
`;
