// Jest Snapshot v1, https://goo.gl/fbAQLP

exports[`<SiteVerticalsSuggestionSearch /> should render 1`] = `
<Fragment>
  <Connect(QueryVerticals)
    searchTerm=""
  />
  <Connect(QueryVerticals)
    limit={1}
    searchTerm="business"
  />
  <SuggestionSearch
    autoFocus={false}
    id="siteTopic"
    onChange={[Function]}
    placeholder="Enter a keyword or select one from below."
    railcar={
      Object {
        "action": "site_vertical_selected",
        "fetch_algo": "/verticals",
        "id": "fakeuuid-site-vertical-suggestion",
      }
    }
    sortResults={[Function]}
    suggestions={Array []}
    value=""
  />
</Fragment>
`;
