// Jest Snapshot v1, https://goo.gl/fbAQLP

exports[`GSuitePurchaseCta renders correctly 1`] = `
<EmailVerificationGate
  noticeStatus="is-info"
  noticeText="You must verify your email to purchase G Suite."
>
  <QueryProductsList />
  <div
    className="card is-compact"
  >
    <header>
      <h3
        className="gsuite-purchase-cta__product-logo"
      >
        <strong>
          G Suite
        </strong>
      </h3>
    </header>
  </div>
  <div
    className="card gsuite-purchase-cta__header is-compact"
  >
    <div
      className="gsuite-purchase-cta__header-description"
    >
      <h2
        className="gsuite-purchase-cta__header-description-title"
      >
        Professional email and so much more.
      </h2>
      <p
        className="gsuite-purchase-cta__header-description-sub-title"
      >
        We've partnered with Google to offer you email, storage, docs, calendars, and more integrated with your site.
      </p>
      <div>
        <div
          className="gsuite-price"
        >
          <h4
            className="gsuite-price__monthly-price"
          >
            <strong>
              €6,40
            </strong>
             per user/month
          </h4>
          <h5
            className="gsuite-price__annual-price"
          >
            €76 billed annually
          </h5>
        </div>
        <button
          className="button gsuite-purchase-cta__get-gsuite-button is-primary"
          onClick={[Function]}
          type="button"
        >
          Add G Suite
        </button>
      </div>
    </div>
    <div
      className="gsuite-purchase-cta__header-image"
    >
      <img
        alt="G Suite Logo"
        src="/calypso/images/g-suite/g-suite.svg"
      />
    </div>
  </div>
  <div
    className="card gsuite-purchase-cta__info is-compact"
  >
    <div
      className="gsuite-features__grid"
    >
      <div
        className="gsuite-features__feature"
      >
        <div
          className="gsuite-features__feature-image"
        >
          <img
            alt="Gmail Logo"
            src="/calypso/images/g-suite/logo_gmail_48dp.svg"
          />
        </div>
        <div
          className="gsuite-features__feature-block"
        >
          <h5
            className="gsuite-features__feature-header"
          >
            A custom @test.com email address
          </h5>
          <p>
            Professional ad-free email that works with most email clients.
          </p>
        </div>
      </div>
      <div
        className="gsuite-features__feature"
      >
        <div
          className="gsuite-features__feature-image"
        >
          <img
            alt="Google Docs Logo"
            src="/calypso/images/g-suite/logo_docs_48dp.svg"
          />
        </div>
        <div
          className="gsuite-features__feature-block"
        >
          <h5
            className="gsuite-features__feature-header"
          >
            Docs, spreadsheets and more
          </h5>
          <p>
            Collaborate in real-time with documents, spreadsheets and slides.
          </p>
        </div>
      </div>
      <div
        className="gsuite-features__feature"
      >
        <div
          className="gsuite-features__feature-image"
        >
          <img
            alt="Google Drive Logo"
            src="/calypso/images/g-suite/logo_drive_48dp.svg"
          />
        </div>
        <div
          className="gsuite-features__feature-block"
        >
          <h5
            className="gsuite-features__feature-header"
          >
            Keep all your files secure
          </h5>
          <p>
            Get 30GB of storage for all your files synced across devices.
          </p>
        </div>
      </div>
      <div
        className="gsuite-features__feature"
      >
        <div
          className="gsuite-features__feature-image"
        >
          <img
            alt="Google Hangouts Logo"
            src="/calypso/images/g-suite/logo_hangouts_48dp.svg"
          />
        </div>
        <div
          className="gsuite-features__feature-block"
        >
          <h5
            className="gsuite-features__feature-header"
          >
            Connect with your team
          </h5>
          <p>
            Use text chats or video calls, with built in screen sharing.
          </p>
        </div>
      </div>
    </div>
    <div
      className="gsuite-learn-more"
    >
      <p>
        <strong>
          No setup or software required.
        </strong>
         
        <a
          className="gsuite-learn-more__link"
          href="https://wordpress.com/support/adding-g-suite-to-your-site"
          onClick={[Function]}
          rel="noopener noreferrer"
          target="_blank"
        >
          Learn more about integrating G Suite with your site.
        </a>
      </p>
    </div>
  </div>
</EmailVerificationGate>
`;
