// Jest Snapshot v1, https://goo.gl/fbAQLP

exports[`Patterns renders server-side correctly 1`] = `"<main class=\\"main is-full-width-layout is-logged-out\\" role=\\"main\\"><div><h1>Build your perfect site with patterns</h1><p>Hundreds of expertly designed, fully responsive patterns allow you to craft a beautiful site in minutes.</p></div></main>"`;
