// Jest Snapshot v1, https://goo.gl/fbAQLP

exports[`MoreMenu should match snapshot 1`] = `
<MoreMenu>
  <Dropdown
    className="edit-post-more-menu"
    position="bottom left"
    renderContent={[Function]}
    renderToggle={[Function]}
  >
    <div
      className="edit-post-more-menu"
    >
      <div>
        <IconButton
          aria-expanded={false}
          icon="ellipsis"
          label="More"
          onClick={[Function]}
        >
          <Tooltip
            text="More"
          >
            <Button
              aria-expanded={false}
              aria-label="More"
              className="components-icon-button"
              onBlur={[Function]}
              onClick={[Function]}
              onFocus={[Function]}
              onMouseEnter={[Function]}
              onMouseLeave={[Function]}
            >
              <button
                aria-expanded={false}
                aria-label="More"
                className="components-button components-icon-button"
                onBlur={[Function]}
                onClick={[Function]}
                onFocus={[Function]}
                onMouseEnter={[Function]}
                onMouseLeave={[Function]}
                type="button"
              >
                <Dashicon
                  icon="ellipsis"
                  key="0,0"
                >
                  <svg
                    aria-hidden={true}
                    className="dashicon dashicons-ellipsis"
                    focusable="false"
                    height={20}
                    role="img"
                    viewBox="0 0 20 20"
                    width={20}
                    xmlns="http://www.w3.org/2000/svg"
                  >
                    <path
                      d="M5 10c0 1.1-.9 2-2 2s-2-.9-2-2 .9-2 2-2 2 .9 2 2zm12-2c-1.1 0-2 .9-2 2s.9 2 2 2 2-.9 2-2-.9-2-2-2zm-7 0c-1.1 0-2 .9-2 2s.9 2 2 2 2-.9 2-2-.9-2-2-2z"
                    />
                  </svg>
                </Dashicon>
              </button>
            </Button>
          </Tooltip>
        </IconButton>
      </div>
    </div>
  </Dropdown>
</MoreMenu>
`;
