// Jest Snapshot v1, https://goo.gl/fbAQLP

exports[`renders as expected 1`] = `
<Gallery
  galleryRef={
    Object {
      "current": null,
    }
  }
>
  <Row
    key="0"
  >
    <Column
      key="0"
    >
      0
    </Column>
  </Row>
  <Row
    key="1"
  >
    <Column
      key="0"
    >
      1
    </Column>
  </Row>
  <Row
    key="2"
  >
    <Column
      key="0"
    >
      2
    </Column>
    <Column
      key="1"
    >
      3
    </Column>
    <Column
      key="2"
    >
      4
    </Column>
    <Column
      key="3"
    >
      5
    </Column>
  </Row>
  <Row
    key="3"
  >
    <Column
      key="0"
    >
      6
    </Column>
    <Column
      key="1"
    >
      7
    </Column>
  </Row>
  <Row
    key="4"
  >
    <Column
      key="0"
    >
      8
    </Column>
    <Column
      key="1"
    >
      9
      10
    </Column>
  </Row>
  <Row
    key="5"
  >
    <Column
      key="0"
    >
      11
      12
    </Column>
    <Column
      key="1"
    >
      13
    </Column>
  </Row>
</Gallery>
`;
