// Jest Snapshot v1, https://goo.gl/fbAQLP

exports[`HelpSearch should render  1`] = `
<div
  className="help-search"
>
  <Connect(QueryHelpLinks)
    query=""
  />
  <ForwardRef(SearchCard)
    analyticsGroup="Help"
    delaySearch={true}
    initialValue=""
    onSearch={[Function]}
    placeholder="How can we help?"
  />
</div>
`;
