// Jest Snapshot v1, https://goo.gl/fbAQLP

exports[`ThemesList should render a div with a className of "themes-list" 1`] = `
<div>
  <div
    class="themes-list"
  >
    <div
      data-testid="theme-1"
    />
    <div
      data-testid="theme-2"
    />
    <div />
  </div>
  <div
    class="themes-list__footer"
  >
    <div
      class="themes-list__footer-heading"
    >
      Can't find what you're looking for?
    </div>
    <div
      class="themes-list__footer-subheading"
    >
      Here are a few more options:
    </div>
    <div
      class="themes-list__footer-action"
    >
      <svg
        aria-hidden="true"
        class="themes-list__footer-action-icon"
        focusable="false"
        height="28"
        viewBox="0 0 24 24"
        width="28"
        xmlns="http://www.w3.org/2000/svg"
      >
        <path
          clip-rule="evenodd"
          d="M18.5 5.5V8H20V5.5H22.5V4H20V1.5H18.5V4H16V5.5H18.5ZM13.9624 4H6C4.89543 4 4 4.89543 4 6V18C4 19.1046 4.89543 20 6 20H18C19.1046 20 20 19.1046 20 18V10.0391H18.5V18C18.5 18.2761 18.2761 18.5 18 18.5H10L10 10.4917L16.4589 10.5139L16.4641 9.01389L5.5 8.97618V6C5.5 5.72386 5.72386 5.5 6 5.5H13.9624V4ZM5.5 10.4762V18C5.5 18.2761 5.72386 18.5 6 18.5H8.5L8.5 10.4865L5.5 10.4762Z"
          fill-rule="evenodd"
        />
      </svg>
      <div
        class="themes-list__footer-action-content"
      >
        <div
          class="themes-list__footer-action-text"
        >
          <div
            class="themes-list__footer-action-title"
          >
            Create your own theme from scratch
          </div>
          <div
            class="themes-list__footer-action-description"
          >
            Start with a blank canvas and design your own homepage using our library of patterns.
          </div>
        </div>
        <button
          class="button themes-list__footer-action-button is-primary"
          type="button"
        >
          Start designing
        </button>
      </div>
    </div>
    <div
      class="themes-list__footer-action"
    >
      <svg
        aria-hidden="true"
        class="themes-list__footer-action-icon"
        focusable="false"
        height="28"
        viewBox="0 0 24 24"
        width="28"
        xmlns="http://www.w3.org/2000/svg"
      >
        <path
          d="M4 20h8v-1.5H4V20zM18.9 3.5c-.6-.6-1.5-.6-2.1 0l-7.2 7.2c-.4-.1-.7 0-1.1.1-.5.2-1.5.7-1.9 2.2-.4 1.7-.8 2.2-1.1 2.7-.1.1-.2.3-.3.4l-.6 1.1H6c2 0 3.4-.4 4.7-1.4.8-.6 1.2-1.4 1.3-2.3 0-.3 0-.5-.1-.7L19 5.7c.5-.6.5-1.6-.1-2.2zM9.7 14.7c-.7.5-1.5.8-2.4 1 .2-.5.5-1.2.8-2.3.2-.6.4-1 .8-1.1.5-.1 1 .1 1.3.3.2.2.3.5.2.8 0 .3-.1.9-.7 1.3z"
        />
      </svg>
      <div
        class="themes-list__footer-action-content"
      >
        <div
          class="themes-list__footer-action-text"
        >
          <div
            class="themes-list__footer-action-title"
          >
            Hire our team of experts to design one for you
          </div>
          <div
            class="themes-list__footer-action-description"
          >
            A WordPress.com professional will create layouts for up to 5 pages of your site.
          </div>
        </div>
        <a
          class="button themes-list__footer-action-button"
          href="https://wordpress.com/do-it-for-me/"
        >
          Hire an expert
        </a>
      </div>
    </div>
    <div
      class="themes-list__footer-action"
    >
      <svg
        aria-hidden="true"
        class="themes-list__footer-action-icon"
        focusable="false"
        height="28"
        viewBox="0 0 24 24"
        width="28"
        xmlns="http://www.w3.org/2000/svg"
      >
        <path
          d="M17.3 10.1c0-2.5-2.1-4.4-4.8-4.4-2.2 0-4.1 1.4-4.6 3.3h-.2C5.7 9 4 10.7 4 12.8c0 2.1 1.7 3.8 3.7 3.8h9c1.8 0 3.2-1.5 3.2-3.3.1-1.6-1.1-2.9-2.6-3.2zm-.5 5.1h-4v-2.4L14 14l1-1-3-3-3 3 1 1 1.2-1.2v2.4H7.7c-1.2 0-2.2-1.1-2.2-2.3s1-2.4 2.2-2.4H9l.3-1.1c.4-1.3 1.7-2.2 3.2-2.2 1.8 0 3.3 1.3 3.3 2.9v1.3l1.3.2c.8.1 1.4.9 1.4 1.8 0 1-.8 1.8-1.7 1.8z"
        />
      </svg>
      <div
        class="themes-list__footer-action-content"
      >
        <div
          class="themes-list__footer-action-text"
        >
          <div
            class="themes-list__footer-action-title"
          >
            Upload a theme
          </div>
          <div
            class="themes-list__footer-action-description"
          >
            With a Business plan, you can upload and install third-party themes to your site, including themes from WordPress.org, and even themes you have custom-made for your website.
          </div>
        </div>
        <a
          class="button themes-list__footer-action-button"
          href="/start/business"
        >
          Get started
        </a>
      </div>
    </div>
  </div>
</div>
`;
