// Jest Snapshot v1, https://goo.gl/fbAQLP

exports[`MultipleChoiceQuestion should render with the minimum required properties ( plus extra prop to guarantee order ) 1`] = `
<fieldset
  class="multiple-choice-question form-fieldset"
  role="group"
>
  <legend
    class="form-legend"
  >
    Test Question One
  </legend>
  <div
    class="multiple-choice-question__answers"
  >
    <label
      class="form-label"
    >
      <input
        class="form-radio"
        name="test-question"
        type="radio"
        value="test-answer-1"
      />
      <span
        class="form-radio__label"
      >
        Test Answer One
      </span>
    </label>
    <label
      class="form-label"
    >
      <input
        class="form-radio"
        name="test-question"
        type="radio"
        value="test-answer-2"
      />
      <span
        class="form-radio__label"
      >
        Test Answer Two
      </span>
    </label>
    <label
      class="form-label"
    >
      <input
        class="form-radio"
        name="test-question"
        type="radio"
        value="test-answer-3"
      />
      <span
        class="form-radio__label"
      >
        Test Answer Three
      </span>
    </label>
    <label
      class="form-label"
    >
      <input
        class="form-radio"
        name="test-question"
        type="radio"
        value="test-answer-4"
      />
      <span
        class="form-radio__label"
      >
        Test Answer Four
      </span>
    </label>
  </div>
</fieldset>
`;
