// Jest Snapshot v1, https://goo.gl/fbAQLP

exports[`<EmergentPaywallBox /> should render 1`] = `
<div>
  <Localized(TermsOfService) />
  <div
    className="checkout__payment-box-sections"
  >
    <div
      className="checkout__payment-box-section"
    />
    <div
      className="checkout__emergent-paywall-loading loading-placeholder"
    >
      <div
        className="checkout__emergent-paywall-loading-content loading-placeholder__content"
      />
    </div>
    <div
      className="checkout__emergent-paywall-frame-container"
    >
      <form
        action=""
        className="checkout__emergent-paywall-form"
        method="POST"
        name="emergent-paywall-get-iframe-contents"
        onSubmit={[Function]}
        target="emergent-paywall-iframe"
      >
        <input
          name="payload"
          type="hidden"
          value=""
        />
        <input
          name="signature"
          type="hidden"
          value=""
        />
      </form>
      <iframe
        className="checkout__emergent-paywall-iframe"
        height={600}
        name="emergent-paywall-iframe"
      />
    </div>
  </div>
</div>
`;
