// Jest Snapshot v1, https://goo.gl/fbAQLP

exports[`grouper groups as expected 1`] = `
Array [
  Jetpack_Tiled_Gallery_Row {
    "get_ratio": [Function],
    "get_weighted_ratio": [Function],
    "groups": Array [
      Jetpack_Tiled_Gallery_Group {
        "get_ratio": [Function],
        "height": 282,
        "images": Array [
          Object {
            "file": "2018/09/demo1.jpg",
            "height": 278,
            "height_orig": 3648,
            "image_meta": Object {
              "aperture": "0",
              "camera": "",
              "caption": "",
              "copyright": "",
              "created_timestamp": "0",
              "credit": "",
              "focal_length": "0",
              "iso": "0",
              "keywords": Array [],
              "orientation": "0",
              "shutter_speed": "0",
              "title": "",
            },
            "ratio": 1.5,
            "raw_height": 278.23361711843955,
            "sizes": Object {
              "large": Object {
                "file": "demo1-1024x683.jpg",
                "height": 683,
                "mime-type": "image/jpeg",
                "width": 1024,
              },
              "medium": Object {
                "file": "demo1-300x200.jpg",
                "height": 200,
                "mime-type": "image/jpeg",
                "width": 300,
              },
              "medium_large": Object {
                "file": "demo1-768x512.jpg",
                "height": 512,
                "mime-type": "image/jpeg",
                "width": 768,
              },
              "thumbnail": Object {
                "file": "demo1-150x150.jpg",
                "height": 150,
                "mime-type": "image/jpeg",
                "width": 150,
              },
            },
            "width": 417,
            "width_orig": 5472,
          },
        ],
        "ratio": 1.5,
        "raw_width": 421.35042567765936,
        "width": 421,
      },
      Jetpack_Tiled_Gallery_Group {
        "get_ratio": [Function],
        "height": 282,
        "images": Array [
          Object {
            "file": "2018/09/demo2.jpg",
            "height": 143,
            "height_orig": 3264,
            "image_meta": Object {
              "aperture": "0",
              "camera": "",
              "caption": "",
              "copyright": "",
              "created_timestamp": "0",
              "credit": "",
              "focal_length": "0",
              "iso": "0",
              "keywords": Array [],
              "orientation": "0",
              "shutter_speed": "0",
              "title": "",
            },
            "ratio": 1.5,
            "raw_height": 143.09971621489385,
            "sizes": Object {
              "large": Object {
                "file": "demo2-1024x683.jpg",
                "height": 683,
                "mime-type": "image/jpeg",
                "width": 1024,
              },
              "medium": Object {
                "file": "demo2-300x200.jpg",
                "height": 200,
                "mime-type": "image/jpeg",
                "width": 300,
              },
              "medium_large": Object {
                "file": "demo2-768x512.jpg",
                "height": 512,
                "mime-type": "image/jpeg",
                "width": 768,
              },
              "thumbnail": Object {
                "file": "demo2-150x150.jpg",
                "height": 150,
                "mime-type": "image/jpeg",
                "width": 150,
              },
            },
            "width": 215,
            "width_orig": 4896,
          },
          Object {
            "file": "2018/09/demo3.jpg",
            "height": 131,
            "height_orig": 3211,
            "image_meta": Object {
              "aperture": "0",
              "camera": "",
              "caption": "",
              "copyright": "",
              "created_timestamp": "0",
              "credit": "",
              "focal_length": "0",
              "iso": "0",
              "keywords": Array [],
              "orientation": "0",
              "shutter_speed": "0",
              "title": "",
            },
            "ratio": 1.6368732482092807,
            "raw_height": 131.1339009035457,
            "sizes": Object {
              "large": Object {
                "file": "demo3-1024x626.jpg",
                "height": 626,
                "mime-type": "image/jpeg",
                "width": 1024,
              },
              "medium": Object {
                "file": "demo3-300x183.jpg",
                "height": 183,
                "mime-type": "image/jpeg",
                "width": 300,
              },
              "medium_large": Object {
                "file": "demo3-768x469.jpg",
                "height": 469,
                "mime-type": "image/jpeg",
                "width": 768,
              },
              "post-thumbnail": Object {
                "file": "demo3-1200x733.jpg",
                "height": 733,
                "mime-type": "image/jpeg",
                "width": 1200,
              },
              "thumbnail": Object {
                "file": "demo3-150x150.jpg",
                "height": 150,
                "mime-type": "image/jpeg",
                "width": 150,
              },
            },
            "width": 215,
            "width_orig": 5256,
          },
        ],
        "ratio": 0.7827252419955324,
        "raw_width": 218.64957432234078,
        "width": 219,
      },
    ],
    "height": 282,
    "ratio": 2.282725241995532,
    "raw_height": 282.23361711843955,
    "weighted_ratio": 3.065450483991065,
    "width": 640,
  },
  Jetpack_Tiled_Gallery_Row {
    "get_ratio": [Function],
    "get_weighted_ratio": [Function],
    "groups": Array [
      Jetpack_Tiled_Gallery_Group {
        "get_ratio": [Function],
        "height": 279,
        "images": Array [
          Object {
            "file": "2018/09/demo4.jpg",
            "height": 137,
            "height_orig": 1600,
            "image_meta": Object {
              "aperture": "0",
              "camera": "",
              "caption": "",
              "copyright": "",
              "created_timestamp": "0",
              "credit": "",
              "focal_length": "0",
              "iso": "0",
              "keywords": Array [],
              "orientation": "0",
              "shutter_speed": "0",
              "title": "",
            },
            "ratio": 1.6,
            "raw_height": 137.094,
            "sizes": Object {
              "large": Object {
                "file": "demo4-1024x640.jpg",
                "height": 640,
                "mime-type": "image/jpeg",
                "width": 1024,
              },
              "medium": Object {
                "file": "demo4-300x188.jpg",
                "height": 188,
                "mime-type": "image/jpeg",
                "width": 300,
              },
              "medium_large": Object {
                "file": "demo4-768x480.jpg",
                "height": 480,
                "mime-type": "image/jpeg",
                "width": 768,
              },
              "post-thumbnail": Object {
                "file": "demo4-1200x750.jpg",
                "height": 750,
                "mime-type": "image/jpeg",
                "width": 1200,
              },
              "thumbnail": Object {
                "file": "demo4-150x150.jpg",
                "height": 150,
                "mime-type": "image/jpeg",
                "width": 150,
              },
            },
            "width": 219,
            "width_orig": 2560,
          },
          Object {
            "file": "2018/09/demo5.jpg",
            "height": 134,
            "height_orig": 3211,
            "image_meta": Object {
              "aperture": "0",
              "camera": "",
              "caption": "",
              "copyright": "",
              "created_timestamp": "0",
              "credit": "",
              "focal_length": "0",
              "iso": "0",
              "keywords": Array [],
              "orientation": "0",
              "shutter_speed": "0",
              "title": "",
            },
            "ratio": 1.6368732482092807,
            "raw_height": 134.00573333333332,
            "sizes": Object {
              "large": Object {
                "file": "demo3024x626.jpg",
                "height": 626,
                "mime-type": "image/jpeg",
                "width": 1024,
              },
              "medium": Object {
                "file": "demo5-300x183.jpg",
                "height": 183,
                "mime-type": "image/jpeg",
                "width": 300,
              },
              "medium_large": Object {
                "file": "demo5-768x469.jpg",
                "height": 469,
                "mime-type": "image/jpeg",
                "width": 768,
              },
              "post-thumbnail": Object {
                "file": "demo3200x733.jpg",
                "height": 733,
                "mime-type": "image/jpeg",
                "width": 1200,
              },
              "thumbnail": Object {
                "file": "demo350x150.jpg",
                "height": 150,
                "mime-type": "image/jpeg",
                "width": 150,
              },
            },
            "width": 219,
            "width_orig": 5256,
          },
        ],
        "ratio": 0.8091133004926109,
        "raw_width": 223.3504,
        "width": 223,
      },
      Jetpack_Tiled_Gallery_Group {
        "get_ratio": [Function],
        "height": 279,
        "images": Array [
          Object {
            "file": "2018/09/demo6.jpg",
            "height": 275,
            "height_orig": 2848,
            "image_meta": Object {
              "aperture": "0",
              "camera": "",
              "caption": "",
              "copyright": "",
              "created_timestamp": "0",
              "credit": "",
              "focal_length": "0",
              "iso": "0",
              "keywords": Array [],
              "orientation": "0",
              "shutter_speed": "0",
              "title": "",
            },
            "ratio": 1.5,
            "raw_height": 275.09973333333335,
            "sizes": Object {
              "large": Object {
                "file": "demo6-1024x683.jpg",
                "height": 683,
                "mime-type": "image/jpeg",
                "width": 1024,
              },
              "medium": Object {
                "file": "demo6-300x200.jpg",
                "height": 200,
                "mime-type": "image/jpeg",
                "width": 300,
              },
              "medium_large": Object {
                "file": "demo6-768x512.jpg",
                "height": 512,
                "mime-type": "image/jpeg",
                "width": 768,
              },
              "thumbnail": Object {
                "file": "demo6-150x150.jpg",
                "height": 150,
                "mime-type": "image/jpeg",
                "width": 150,
              },
            },
            "width": 413,
            "width_orig": 4272,
          },
        ],
        "ratio": 1.5,
        "raw_width": 416.6496,
        "width": 417,
      },
    ],
    "height": 279,
    "ratio": 2.3091133004926108,
    "raw_height": 279.09973333333335,
    "weighted_ratio": 3.1182266009852215,
    "width": 640,
  },
]
`;
