// Jest Snapshot v1, https://goo.gl/fbAQLP

exports[`TemplateSelectorPreview Basic rendering renders the preview when blocks are provided 1`] = `
<div>
  <div
    class="template-selector-preview editor-styles-wrapper"
  >
    <div
      class="components-disabled"
    >
      <div
        class="edit-post-visual-editor"
      >
        <div
          class="editor-styles-wrapper"
          style="visibility: hidden;"
        >
          <div
            class="editor-writing-flow"
          >
            <div
              class="editor-post-title"
              style="transform: none;"
            >
              <div
                class="editor-post-title__block"
              >
                <textarea
                  class="editor-post-title__input"
                />
              </div>
            </div>
            <div
              data-testid="block-template-preview"
            >
              MockedBlockPreview
            </div>
          </div>
        </div>
      </div>
    </div>
  </div>
</div>
`;
