// Jest Snapshot v1, https://goo.gl/fbAQLP

exports[`TemplateSelectorControl Basic rendering renders with required props 1`] = `
<BaseControl
  className="template-selector-control"
  id="template-selector-control-1"
  label="Select a Template..."
>
  <ul
    className="template-selector-control__options"
  >
    <li
      className="template-selector-control__template"
      key="template-selector-control-1-template-1"
    >
      <TemplateSelectorItem
        id="template-selector-control-1"
        label=""
        onFocus={[Function]}
        onSelect={[Function]}
        rawContent=""
        staticPreviewImg="https://via.placeholder.com/350x150"
        staticPreviewImgAlt="Testing alt"
        useDynamicPreview={false}
      />
    </li>
    <li
      className="template-selector-control__template"
      key="template-selector-control-1-template-2"
    >
      <TemplateSelectorItem
        id="template-selector-control-1"
        label=""
        onFocus={[Function]}
        onSelect={[Function]}
        rawContent=""
        staticPreviewImg="https://via.placeholder.com/300x250"
        staticPreviewImgAlt="Testing alt 2"
        useDynamicPreview={false}
      />
    </li>
    <li
      className="template-selector-control__template"
      key="template-selector-control-1-template-3"
    >
      <TemplateSelectorItem
        id="template-selector-control-1"
        label=""
        onFocus={[Function]}
        onSelect={[Function]}
        rawContent=""
        staticPreviewImg="https://via.placeholder.com/500x200"
        staticPreviewImgAlt="Testing alt 3"
        useDynamicPreview={false}
      />
    </li>
  </ul>
</BaseControl>
`;
