// Jest Snapshot v1, https://goo.gl/fbAQLP

exports[`TemplateSelectorPreview Basic rendering renders the preview when blocks are provided 1`] = `
<div>
  <div
    class="template-selector-preview editor-styles-wrapper"
  >
    <div
      class="components-disabled"
    >
      <div
        data-testid="block-template-preview"
      >
        MockedBlockPreview
      </div>
    </div>
  </div>
</div>
`;
