// Jest Snapshot v1, https://goo.gl/fbAQLP

exports[`TemplateSelectorItem Basic rendering renders with required props 1`] = `
<button
  className="template-selector-item__label"
  id="1-test-template"
  onClick={[Function]}
  onMouseEnter={[Function]}
  type="button"
  value="test-template"
>
  <div
    className="template-selector-item__preview-wrap"
  >
    <img
      alt=""
      className="template-selector-item__media"
      src="https://somepreviewimage.jpg"
    />
  </div>
  <span
    data-test-id="template-selector-item-label"
  >
    Test Template
  </span>
</button>
`;

exports[`TemplateSelectorItem Dynamic previews renders in dynamic preview mode 1`] = `
<button
  className="template-selector-item__label"
  id="1-test-template"
  onClick={[Function]}
  onMouseEnter={[Function]}
  type="button"
  value="test-template"
>
  <div
    className="template-selector-item__preview-wrap"
  >
    <Disabled>
      <BlockTemplatePreview
        blocks={
          Object {
            "template-1": Array [
              Object {
                "attributes": Object {
                  "align": "left",
                  "coblocks": Array [],
                  "content": "Visitors will want to know who is on the other side of the page. Use this space to write about yourself, your site, your business, or anything you want. Use the testimonials below to quote others, talking about the same thing – in their own words.",
                  "dropCap": false,
                  "fontWeight": "",
                  "noBottomSpacing": false,
                  "noTopSpacing": false,
                  "textTransform": "",
                },
                "clientId": "2",
                "innerBlocks": Array [],
                "isValid": true,
                "name": "core/paragraph",
                "originalContent": "<p style=\\"text-align:left;\\">Visitors will want to know who is on the other side of the page. Use this space to write about yourself, your site, your business, or anything you want. Use the testimonials below to quote others, talking about the same thing – in their own words.</p>",
              },
              Object {
                "attributes": Object {
                  "align": "left",
                  "coblocks": Array [],
                  "content": "Visitors will want to know who is on the other side of the page. Use this space to write about yourself, your site, your business, or anything you want. Use the testimonials below to quote others, talking about the same thing – in their own words.",
                  "dropCap": false,
                  "fontWeight": "",
                  "noBottomSpacing": false,
                  "noTopSpacing": false,
                  "textTransform": "",
                },
                "clientId": "3",
                "innerBlocks": Array [],
                "isValid": true,
                "name": "core/paragraph",
                "originalContent": "<p style=\\"text-align:left;\\">Visitors will want to know who is on the other side of the page. Use this space to write about yourself, your site, your business, or anything you want. Use the testimonials below to quote others, talking about the same thing – in their own words.</p>",
              },
              Object {
                "attributes": Object {
                  "align": "left",
                  "coblocks": Array [],
                  "content": "Visitors will want to know who is on the other side of the page. Use this space to write about yourself, your site, your business, or anything you want. Use the testimonials below to quote others, talking about the same thing – in their own words.",
                  "dropCap": false,
                  "fontWeight": "",
                  "noBottomSpacing": false,
                  "noTopSpacing": false,
                  "textTransform": "",
                },
                "clientId": "4",
                "innerBlocks": Array [],
                "isValid": true,
                "name": "core/paragraph",
                "originalContent": "<p style=\\"text-align:left;\\">Visitors will want to know who is on the other side of the page. Use this space to write about yourself, your site, your business, or anything you want. Use the testimonials below to quote others, talking about the same thing – in their own words.</p>",
              },
              Object {
                "attributes": Object {
                  "align": "left",
                  "coblocks": Array [],
                  "content": "Visitors will want to know who is on the other side of the page. Use this space to write about yourself, your site, your business, or anything you want. Use the testimonials below to quote others, talking about the same thing – in their own words.",
                  "dropCap": false,
                  "fontWeight": "",
                  "noBottomSpacing": false,
                  "noTopSpacing": false,
                  "textTransform": "",
                },
                "clientId": "5",
                "innerBlocks": Array [],
                "isValid": true,
                "name": "core/paragraph",
                "originalContent": "<p style=\\"text-align:left;\\">Visitors will want to know who is on the other side of the page. Use this space to write about yourself, your site, your business, or anything you want. Use the testimonials below to quote others, talking about the same thing – in their own words.</p>",
              },
            ],
            "template-2": Array [
              Object {
                "attributes": Object {
                  "align": "left",
                  "coblocks": Array [],
                  "content": "Visitors will want to know who is on the other side of the page. Use this space to write about yourself, your site, your business, or anything you want. Use the testimonials below to quote others, talking about the same thing – in their own words.",
                  "dropCap": false,
                  "fontWeight": "",
                  "noBottomSpacing": false,
                  "noTopSpacing": false,
                  "textTransform": "",
                },
                "clientId": "6",
                "innerBlocks": Array [],
                "isValid": true,
                "name": "core/paragraph",
                "originalContent": "<p style=\\"text-align:left;\\">Visitors will want to know who is on the other side of the page. Use this space to write about yourself, your site, your business, or anything you want. Use the testimonials below to quote others, talking about the same thing – in their own words.</p>",
              },
              Object {
                "attributes": Object {
                  "align": "left",
                  "coblocks": Array [],
                  "content": "Visitors will want to know who is on the other side of the page. Use this space to write about yourself, your site, your business, or anything you want. Use the testimonials below to quote others, talking about the same thing – in their own words.",
                  "dropCap": false,
                  "fontWeight": "",
                  "noBottomSpacing": false,
                  "noTopSpacing": false,
                  "textTransform": "",
                },
                "clientId": "7",
                "innerBlocks": Array [],
                "isValid": true,
                "name": "core/paragraph",
                "originalContent": "<p style=\\"text-align:left;\\">Visitors will want to know who is on the other side of the page. Use this space to write about yourself, your site, your business, or anything you want. Use the testimonials below to quote others, talking about the same thing – in their own words.</p>",
              },
              Object {
                "attributes": Object {
                  "align": "left",
                  "coblocks": Array [],
                  "content": "Visitors will want to know who is on the other side of the page. Use this space to write about yourself, your site, your business, or anything you want. Use the testimonials below to quote others, talking about the same thing – in their own words.",
                  "dropCap": false,
                  "fontWeight": "",
                  "noBottomSpacing": false,
                  "noTopSpacing": false,
                  "textTransform": "",
                },
                "clientId": "8",
                "innerBlocks": Array [],
                "isValid": true,
                "name": "core/paragraph",
                "originalContent": "<p style=\\"text-align:left;\\">Visitors will want to know who is on the other side of the page. Use this space to write about yourself, your site, your business, or anything you want. Use the testimonials below to quote others, talking about the same thing – in their own words.</p>",
              },
              Object {
                "attributes": Object {
                  "align": "left",
                  "coblocks": Array [],
                  "content": "Visitors will want to know who is on the other side of the page. Use this space to write about yourself, your site, your business, or anything you want. Use the testimonials below to quote others, talking about the same thing – in their own words.",
                  "dropCap": false,
                  "fontWeight": "",
                  "noBottomSpacing": false,
                  "noTopSpacing": false,
                  "textTransform": "",
                },
                "clientId": "9",
                "innerBlocks": Array [],
                "isValid": true,
                "name": "core/paragraph",
                "originalContent": "<p style=\\"text-align:left;\\">Visitors will want to know who is on the other side of the page. Use this space to write about yourself, your site, your business, or anything you want. Use the testimonials below to quote others, talking about the same thing – in their own words.</p>",
              },
            ],
            "template-3": Array [
              Object {
                "attributes": Object {
                  "align": "left",
                  "coblocks": Array [],
                  "content": "Visitors will want to know who is on the other side of the page. Use this space to write about yourself, your site, your business, or anything you want. Use the testimonials below to quote others, talking about the same thing – in their own words.",
                  "dropCap": false,
                  "fontWeight": "",
                  "noBottomSpacing": false,
                  "noTopSpacing": false,
                  "textTransform": "",
                },
                "clientId": "10",
                "innerBlocks": Array [],
                "isValid": true,
                "name": "core/paragraph",
                "originalContent": "<p style=\\"text-align:left;\\">Visitors will want to know who is on the other side of the page. Use this space to write about yourself, your site, your business, or anything you want. Use the testimonials below to quote others, talking about the same thing – in their own words.</p>",
              },
              Object {
                "attributes": Object {
                  "align": "left",
                  "coblocks": Array [],
                  "content": "Visitors will want to know who is on the other side of the page. Use this space to write about yourself, your site, your business, or anything you want. Use the testimonials below to quote others, talking about the same thing – in their own words.",
                  "dropCap": false,
                  "fontWeight": "",
                  "noBottomSpacing": false,
                  "noTopSpacing": false,
                  "textTransform": "",
                },
                "clientId": "11",
                "innerBlocks": Array [],
                "isValid": true,
                "name": "core/paragraph",
                "originalContent": "<p style=\\"text-align:left;\\">Visitors will want to know who is on the other side of the page. Use this space to write about yourself, your site, your business, or anything you want. Use the testimonials below to quote others, talking about the same thing – in their own words.</p>",
              },
              Object {
                "attributes": Object {
                  "align": "left",
                  "coblocks": Array [],
                  "content": "Visitors will want to know who is on the other side of the page. Use this space to write about yourself, your site, your business, or anything you want. Use the testimonials below to quote others, talking about the same thing – in their own words.",
                  "dropCap": false,
                  "fontWeight": "",
                  "noBottomSpacing": false,
                  "noTopSpacing": false,
                  "textTransform": "",
                },
                "clientId": "12",
                "innerBlocks": Array [],
                "isValid": true,
                "name": "core/paragraph",
                "originalContent": "<p style=\\"text-align:left;\\">Visitors will want to know who is on the other side of the page. Use this space to write about yourself, your site, your business, or anything you want. Use the testimonials below to quote others, talking about the same thing – in their own words.</p>",
              },
              Object {
                "attributes": Object {
                  "align": "left",
                  "coblocks": Array [],
                  "content": "Visitors will want to know who is on the other side of the page. Use this space to write about yourself, your site, your business, or anything you want. Use the testimonials below to quote others, talking about the same thing – in their own words.",
                  "dropCap": false,
                  "fontWeight": "",
                  "noBottomSpacing": false,
                  "noTopSpacing": false,
                  "textTransform": "",
                },
                "clientId": "13",
                "innerBlocks": Array [],
                "isValid": true,
                "name": "core/paragraph",
                "originalContent": "<p style=\\"text-align:left;\\">Visitors will want to know who is on the other side of the page. Use this space to write about yourself, your site, your business, or anything you want. Use the testimonials below to quote others, talking about the same thing – in their own words.</p>",
              },
            ],
          }
        }
        viewportWidth={960}
      />
    </Disabled>
  </div>
  <span
    data-test-id="template-selector-item-label"
  >
    Test Template
  </span>
</button>
`;

exports[`TemplateSelectorItem Static previews renders in static preview mode by default  1`] = `
<button
  className="template-selector-item__label"
  id="1-test-template"
  onClick={[Function]}
  onMouseEnter={[Function]}
  type="button"
  value="test-template"
>
  <div
    className="template-selector-item__preview-wrap"
  >
    <img
      alt=""
      className="template-selector-item__media"
      src="https://somepreviewimage.jpg"
    />
  </div>
  <span
    data-test-id="template-selector-item-label"
  >
    Test Template
  </span>
</button>
`;
