// Jest Snapshot v1, https://goo.gl/fbAQLP

exports[`TemplateSelectorItem Basic rendering renders with required props 1`] = `
<button
  className="template-selector-item__label"
  id="1-test-template"
  onClick={[Function]}
  onMouseEnter={[Function]}
  type="button"
  value="test-template"
>
  <div
    className="template-selector-item__preview-wrap"
  >
    <img
      alt=""
      className="template-selector-item__media"
      src="https://somepreviewimage.jpg"
    />
  </div>
  <span
    data-test-id="template-selector-item-label"
  >
    Test Template
  </span>
</button>
`;
