// Jest Snapshot v1, https://goo.gl/fbAQLP

exports[`UpworkBanner renders GSuitePurchaseCta with basic plan 1`] = `
<a
  className="upwork-banner"
  href="/experts/upwork?source=foo"
  onClick={[Function]}
  rel="noopener noreferrer"
  role="button"
  style={
    Object {
      "backgroundColor": "#DAF5FC",
    }
  }
  target="_blank"
>
  <h1
    className="upwork-banner__title"
  >
    Need an expert to help realize your vision? Hire one!
  </h1>
  <p
    className="upwork-banner__description"
  >
    We've partnered with Upwork, a network of freelancers with a huge pool of WordPress experts. They know their stuff and they're waiting to help you build your dream site.
  </p>
  <button
    className="button upwork-banner__cta is-compact is-primary"
    type="button"
  >
    Find your expert
  </button>
  <button
    className="button upwork-banner__close"
    onClick={[Function]}
    type="button"
  >
    <svg
      className="gridicon gridicons-cross-small"
      height={18}
      viewBox="0 0 24 24"
      width={18}
      xmlns="http://www.w3.org/2000/svg"
    >
      <g>
        <path
          d="M17.705 7.705l-1.41-1.41L12 10.59 7.705 6.295l-1.41 1.41L10.59 12l-4.295 4.295 1.41 1.41L12 13.41l4.295 4.295 1.41-1.41L13.41 12l4.295-4.295z"
        />
      </g>
    </svg>
  </button>
  <img
    alt="Upwork"
    className="upwork-banner__image"
    src="/calypso/images/themes-banner/illustration-builder-referral.svg"
    width={390}
  />
</a>
`;
