// Jest Snapshot v1, https://goo.gl/fbAQLP

exports[`Upwork UpsellNudge renders correctly 1`] = `
<div class="card banner upsell-nudge upwork-banner has-call-to-action is-dismissible">
   <svg xmlns="http://www.w3.org/2000/svg" viewBox="0 0 24 24" class="gridicon gridicons-cross dismissible-card__close-icon" height="24" width="24">
      <use xlink:href="/calypso/evergreen/images/gridicons-84d04a83ed8c3cfc40de995e9bd32649.svg#gridicons-cross"></use>
   </svg>
   <div class="banner__content">
      <div class="banner__info">
         <div class="banner__title">Let our WordPress.com experts build your site!</div>
         <div class="banner__description">You want the website of your dreams. Our experts can create it for you.</div>
      </div>
      <div class="banner__action"><a href="https://wordpress.com/built-by-wordpress-com/" class="button is-compact is-primary">Find your&nbsp;expert</a></div>
   </div>
</div>
`;
