// Jest Snapshot v1, https://goo.gl/fbAQLP

exports[`GSuitePrice renders correctly 1`] = `
<div
  className="gsuite-price"
>
  <h4
    className="gsuite-price__monthly-price"
  >
    <strong>
      €6,40
    </strong>
     /user /month
  </h4>
  <h5
    className="gsuite-price__annual-price"
  >
    €76 billed annually
  </h5>
</div>
`;
