// Jest Snapshot v1, https://goo.gl/fbAQLP

exports[`TemplateSelectorControl Basic rendering renders with required props 1`] = `
<div>
  <div
    class="components-base-control template-selector-control"
  >
    <div
      class="components-base-control__field"
    >
      <label
        class="components-base-control__label"
        for="template-selector-control-17"
      >
        Select a Template...
      </label>
      <ul
        class="template-selector-control__options"
        data-testid="template-selector-control-options"
      >
        <li
          class="template-selector-control__template"
        >
          <button
            class="template-selector-item__label"
            type="button"
            value="blank"
          >
            <span
              class="template-selector-item__preview-wrap"
            >
              <img
                alt=""
                class="template-selector-item__media"
              />
            </span>
          </button>
        </li>
        <li
          class="template-selector-control__template"
        >
          <button
            class="template-selector-item__label"
            type="button"
            value="template-1"
          >
            <span
              class="template-selector-item__preview-wrap"
            >
              <img
                alt="Testing alt"
                class="template-selector-item__media"
                src="https://via.placeholder.com/350x150"
              />
            </span>
          </button>
        </li>
        <li
          class="template-selector-control__template"
        >
          <button
            class="template-selector-item__label"
            type="button"
            value="template-2"
          >
            <span
              class="template-selector-item__preview-wrap"
            >
              <img
                alt="Testing alt 2"
                class="template-selector-item__media"
                src="https://via.placeholder.com/300x250"
              />
            </span>
          </button>
        </li>
        <li
          class="template-selector-control__template"
        >
          <button
            class="template-selector-item__label"
            type="button"
            value="template-3"
          >
            <span
              class="template-selector-item__preview-wrap"
            >
              <img
                alt="Testing alt 3"
                class="template-selector-item__media"
                src="https://via.placeholder.com/500x200"
              />
            </span>
          </button>
        </li>
      </ul>
    </div>
  </div>
</div>
`;
