// Jest Snapshot v1, https://goo.gl/fbAQLP

exports[`Theme rendering with default display buttonContents should match snapshot 1`] = `
<div
  class="card theme-card theme-card--is-actionable is-clickable"
  data-e2e-theme="twenty-seventeen"
>
  <div
    class="theme-card__content"
  >
    <div
      class="theme-card__image-container"
    >
      <a
        aria-label="Twenty Seventeen"
        class="theme-card__image"
        href="#"
      >
        <div
          class="theme-card__image-label"
        >
          Info
        </div>
        <img
          class="theme__img"
          src="https://i0.wp.com/s0.wp.com/wp-content/themes/pub/twentyseventeen/screenshot.png?fit=479%2C360"
          srcset="https://i0.wp.com/s0.wp.com/wp-content/themes/pub/twentyseventeen/screenshot.png?fit=479%2C360&zoom=2 2x"
        />
      </a>
    </div>
    <div
      class="theme-card__info"
    >
      <h2
        class="theme-card__info-title"
      >
        <span>
          Twenty Seventeen
        </span>
      </h2>
      <components--theme-type-badge
        themeid="twentyseventeen"
      />
      <div
        class="theme-card__info-options"
      >
        <span
          class="theme__more-button"
        >
          <button
            aria-label="More options for theme Twenty Seventeen"
          >
            <svg
              class="gridicon gridicons-ellipsis"
              height="24"
              viewBox="0 0 24 24"
              width="24"
              xmlns="http://www.w3.org/2000/svg"
            >
              <use
                xlink:href="gridicons.svg#gridicons-ellipsis"
              />
            </svg>
          </button>
        </span>
      </div>
    </div>
  </div>
</div>
`;
