// Jest Snapshot v1, https://goo.gl/fbAQLP

exports[`Theme rendering with default display buttonContents should match snapshot 1`] = `
<Card
  className="theme is-actionable"
  data-e2e-theme="twenty-seventeen"
  onClick={[Function]}
>
  <div
    className="theme__content"
  >
    <a
      aria-label="Twenty Seventeen"
      className="theme__thumbnail"
      href="javascript:;"
      onClick={[Function]}
    >
      <div
        className="theme__thumbnail-label"
      />
      <img
        className="theme__img"
        id={null}
        src="https://i0.wp.com/s0.wp.com/wp-content/themes/pub/twentyseventeen/screenshot.png?fit=479%2C360"
        srcSet="https://i0.wp.com/s0.wp.com/wp-content/themes/pub/twentyseventeen/screenshot.png?fit=479%2C360&zoom=2 2x"
      />
    </a>
    <div
      className="theme__info"
    >
      <h2
        className="theme__info-title"
      >
        Twenty Seventeen
      </h2>
      <span
        className="theme__badge-price theme__badge-price-upgrade"
      />
      <ThemeMoreButton
        active={false}
        onMoreButtonClick={[Function]}
        options={
          Object {
            "dummyAction": Object {
              "action": [Function],
              "label": "Dummy action",
            },
          }
        }
        themeId="twentyseventeen"
      />
    </div>
  </div>
</Card>
`;
