// Jest Snapshot v1, https://goo.gl/fbAQLP

exports[`TimeMismatchWarning to render if GMT offsets do not match 1`] = `
<div>
  <div
    aria-label="Notice"
    class="calypso-notice is-warning is-dismissable"
    role="status"
  >
    <span
      class="calypso-notice__icon-wrapper"
    >
      <span
        class="calypso-notice__icon-wrapper-drop"
      />
      <svg
        class="gridicon gridicons-notice calypso-notice__icon"
        height="24"
        viewBox="0 0 24 24"
        width="24"
        xmlns="http://www.w3.org/2000/svg"
      >
        <use
          xlink:href="gridicons.svg#gridicons-notice"
        />
      </svg>
    </span>
    <span
      class="calypso-notice__content"
    >
      <span
        class="calypso-notice__text"
      >
        This page reflects the time zone set on your site. It looks like that does not match your current time zone. {{SiteSettings}}You can update your site time zone here{{/SiteSettings}}.
      </span>
    </span>
    <button
      aria-label="Dismiss"
      class="calypso-notice__dismiss"
    >
      <svg
        class="gridicon gridicons-cross"
        height="24"
        viewBox="0 0 24 24"
        width="24"
        xmlns="http://www.w3.org/2000/svg"
      >
        <use
          xlink:href="gridicons.svg#gridicons-cross"
        />
      </svg>
    </button>
  </div>
</div>
`;

exports[`TimeMismatchWarning to render the passed site settings URL 1`] = `
[MockFunction] {
  "calls": Array [
    Array [
      "This page reflects the time zone set on your site. It looks like that does not match your current time zone. {{SiteSettings}}You can update your site time zone here{{/SiteSettings}}.",
      Object {
        "components": Object {
          "SiteSettings": <a
            href="https://example.com"
          />,
        },
      },
    ],
  ],
  "results": Array [
    Object {
      "type": "return",
      "value": "This page reflects the time zone set on your site. It looks like that does not match your current time zone. {{SiteSettings}}You can update your site time zone here{{/SiteSettings}}.",
    },
  ],
}
`;
