// Jest Snapshot v1, https://goo.gl/fbAQLP

exports[`LanguagePickerModal should render 1`] = `
<Dialog
  additionalClassNames="language-picker__modal"
  autoFocus={true}
  baseClassName="dialog"
  buttons={
    Array [
      Object {
        "action": "cancel",
        "label": "Cancel",
      },
      Object {
        "action": "confirm",
        "isPrimary": true,
        "label": "Select Language",
        "onClick": [Function],
      },
    ]
  }
  isBackdropVisible={true}
  isFullScreen={true}
  isVisible={true}
  label=""
  leaveTimeout={200}
  onClose={[Function]}
>
  <QueryLanguageNames />
  <SectionNav
    allowDropdown={true}
    onMobileNavPanelOpen={[Function]}
    selectedText="Popular languages"
  >
    <NavTabs
      hasSiblingControls={false}
    >
      <NavItem
        key="popular"
        onClick={[Function]}
        selected={true}
      >
        Popular languages
      </NavItem>
      <NavItem
        key="africa-middle-east"
        onClick={[Function]}
        selected={false}
      >
        Africa and Middle East
      </NavItem>
      <NavItem
        key="americas"
        onClick={[Function]}
        selected={false}
      >
        Americas
      </NavItem>
      <NavItem
        key="asia-pacific"
        onClick={[Function]}
        selected={false}
      >
        Asia-Pacific
      </NavItem>
      <NavItem
        key="eastern-europe"
        onClick={[Function]}
        selected={false}
      >
        Eastern Europe
      </NavItem>
      <NavItem
        key="western-europe"
        onClick={[Function]}
        selected={false}
      >
        Western Europe
      </NavItem>
    </NavTabs>
    <Search
      autoFocus={false}
      compact={false}
      delaySearch={false}
      delayTimeout={300}
      describedBy={null}
      disableAutocorrect={false}
      disabled={false}
      fitsContainer={true}
      hideClose={false}
      hideOpenIcon={false}
      isOpen={false}
      onClick={[Function]}
      onKeyDown={[Function]}
      onSearch={[Function]}
      onSearchChange={[Function]}
      onSearchClose={[Function]}
      onSearchOpen={[Function]}
      pinned={true}
      placeholder="Search languages…"
      searching={false}
      value=""
    />
  </SectionNav>
  <div
    className="language-picker__modal-list"
  >
    <div
      className="language-picker__modal-item"
      key="en"
      onClick={[Function]}
      onKeyPress={[Function]}
      role="button"
      tabIndex="0"
      title="En"
    >
      <span
        className="language-picker__modal-text is-selected"
        lang="en"
      >
        English
      </span>
    </div>
    <div
      className="language-picker__modal-item"
      key="it"
      onClick={[Function]}
      onKeyPress={[Function]}
      role="button"
      tabIndex="0"
      title="Italienisch"
    >
      <span
        className="language-picker__modal-text"
        lang="it"
      >
        Italiano
      </span>
    </div>
  </div>
  <div
    className="language-picker__modal-suggested"
  >
    <div
      className="language-picker__modal-suggested-inner"
    >
      <div
        className="language-picker__modal-suggested-label"
      >
        Suggested languages:
      </div>
      <div
        className="language-picker__modal-suggested-list"
      >
        <div
          className="language-picker__modal-suggested-list-inner"
        >
          <div
            className="language-picker__modal-item"
            key="en"
            onClick={[Function]}
            onKeyPress={[Function]}
            role="button"
            tabIndex="0"
            title="En"
          >
            <span
              className="language-picker__modal-text is-selected"
              lang="en"
            >
              English
            </span>
          </div>
        </div>
      </div>
    </div>
  </div>
</Dialog>
`;
