// Jest Snapshot v1, https://goo.gl/fbAQLP

exports[`DateRange should render 1`] = `
<div
  className="date-range"
>
  <DateRangeTrigger
    buttonRef={
      Object {
        "current": null,
      }
    }
    endDate={null}
    endDateText="MM/DD/YYYY"
    isCompact={false}
    onClearClick={[Function]}
    onTriggerClick={[Function]}
    showClearBtn={true}
    startDate={null}
    startDateText="MM/DD/YYYY"
  />
  <Popover
    className="date-range__popover"
    context={null}
    isVisible={false}
    onClose={[Function]}
    position="bottom"
  >
    <div
      className="date-range__popover-inner"
    >
      <div
        className="date-range__controls"
      >
        <DateRangeHeader
          onApplyClick={[Function]}
          onCancelClick={[Function]}
        />
        <div
          aria-live="polite"
          className="date-range__info"
          role="status"
        >
          <Memo(Gridicon)
            aria-hidden="true"
            icon="info"
            key="interpolation-child-1/.0"
          />
           Please select the 
          <em
            key="interpolation-child-3/.0"
          >
            first
          </em>
           day.
        </div>
      </div>
      <DateRangeInputs
        endDateValue="MM/DD/YYYY"
        onInputBlur={[Function]}
        onInputChange={[Function]}
        onInputFocus={[Function]}
        startDateValue="MM/DD/YYYY"
      />
      <Localized(WithLocalizedMoment(DatePicker))
        calendarViewDate={null}
        disabledDays={
          Array [
            Object {},
          ]
        }
        modifiers={
          Object {
            "end": null,
            "range": Object {
              "from": null,
              "to": null,
            },
            "range-end": null,
            "range-start": null,
            "start": null,
          }
        }
        numberOfMonths={2}
        onSelectDay={[Function]}
        rootClassNames={
          Object {
            "date-range__picker": true,
          }
        }
        selectedDays={
          Array [
            null,
            Object {
              "from": null,
              "to": null,
            },
          ]
        }
        showOutsideDays={false}
      />
    </div>
  </Popover>
</div>
`;
